
> cto-platform-frontend@0.1.0 build
> next build

Γû▓ Next.js 16.1.6 (Turbopack)

  Creating an optimized production build ...
node.exe : 
At line:1 char:1
+ & "C:\Program Files
\nodejs/node.exe" 
"C:\Program 
Files\nodejs/node_mo 
...
+ ~~~~~~~~~~~~~~~~~~~
~~~~~~~~~~~~~~~~~~~~~
~~~~~~~~~~~~~~~~~~~~~
~~~~~~~~
    + CategoryInfo   
           : NotSpe  
  cified: (:String   
 ) [], RemoteExce    
ption
    + FullyQualified 
   ErrorId : Native  
  CommandError
 
> Build error 
occurred
Error: Turbopack 
build failed with 2 
errors:
./src/components/kpi/
kpi-management.tsx:35
:1
Module not found: 
Can't resolve 'uuid'
[0m [90m 33 |[39m 
[36mimport[39m { 
[33mBadge[39m } 
[36mfrom[39m [32m'
@/components/ui/badge
'[39m[33m;[39m
 [90m 34 |[39m 
[36mimport[39m { [
33mPlus[39m[33m,[3
9m [33mPencil[39m[
33m,[39m [33mTrash2
[39m[33m,[39m [33
mTrendingUp[39m[33m
,[39m [33mTrendingD
own[39m[33m,[39m 
[33mMinus[39m } 
[36mfrom[39m [32m'
lucide-react'[39m[3
3m;[39m
[31m[1m>[22m[39m
[90m 35 |[39m 
[36mimport[39m { 
v4 [36mas[39m 
uuidv4 } 
[36mfrom[39m [32m'
uuid'[39m[33m;[39m
 [90m    |[39m [31
m[1m^[22m[39m[31m
[1m^[22m[39m[31m
[1m^[22m[39m[31m[
1m^[22m[39m[31m[1
m^[22m[39m[31m[1m
^[22m[39m[31m[1m^
[22m[39m[31m[1m^
[22m[39m[31m[1m^[
22m[39m[31m[1m^[2
2m[39m[31m[1m^[22
m[39m[31m[1m^[22m
[39m[31m[1m^[22m
[39m[31m[1m^[22m[
39m[31m[1m^[22m[3
9m[31m[1m^[22m[39
m[31m[1m^[22m[39m
[31m[1m^[22m[39m
[31m[1m^[22m[39m[
31m[1m^[22m[39m[3
1m[1m^[22m[39m[31
m[1m^[22m[39m[31m
[1m^[22m[39m[31m
[1m^[22m[39m[31m[
1m^[22m[39m[31m[1
m^[22m[39m[31m[1m
^[22m[39m[31m[1m^
[22m[39m[31m[1m^
[22m[39m[31m[1m^[
22m[39m[31m[1m^[2
2m[39m[31m[1m^[22
m[39m[31m[1m^[22m
[39m[31m[1m^[22m
[39m[31m[1m^[22m[
39m[31m[1m^[22m[3
9m
 [90m 36 |[39m 
[36mimport[39m { [
33mCard[39m[33m,[3
9m [33mCardContent[
39m[33m,[39m [33mC
ardHeader[39m[33m,
[39m 
[33mCardTitle[39m 
} [36mfrom[39m [32
m'@/components/ui/car
d'[39m[33m;[39m
 [90m 37 |[39m
 [90m 38 |[39m 
[36mexport[39m 
[36mfunction[39m [
33mKPIManagement[39m
() {[0m



Import traces:
  Client Component 
Browser:
    ./src/components/
kpi/kpi-management.ts
x [Client Component 
Browser]
    
./src/app/page.tsx 
[Client Component 
Browser]
    
./src/app/page.tsx 
[Server Component]

  Client Component 
SSR:
    ./src/components/
kpi/kpi-management.ts
x [Client Component 
SSR]
    
./src/app/page.tsx 
[Client Component 
SSR]
    
./src/app/page.tsx 
[Server Component]

https://nextjs.org/do
cs/messages/module-no
t-found


./src/components/metr
ics/metrics-managemen
t.tsx:36:1
Module not found: 
Can't resolve 'uuid'
[0m [90m 34 |[39m 
[36mimport[39m { 
[33mBadge[39m } 
[36mfrom[39m [32m'
@/components/ui/badge
'[39m[33m;[39m
 [90m 35 |[39m 
[36mimport[39m { [
33mPlus[39m[33m,[3
9m [33mPencil[39m[
33m,[39m [33mTrash2
[39m[33m,[39m 
[33mLink[39m 
[36mas[39m 
[33mLinkIcon[39m } 
[36mfrom[39m [32m'
lucide-react'[39m[3
3m;[39m
[31m[1m>[22m[39m
[90m 36 |[39m 
[36mimport[39m { 
v4 [36mas[39m 
uuidv4 } 
[36mfrom[39m [32m'
uuid'[39m[33m;[39m
 [90m    |[39m [31
m[1m^[22m[39m[31m
[1m^[22m[39m[31m
[1m^[22m[39m[31m[
1m^[22m[39m[31m[1
m^[22m[39m[31m[1m
^[22m[39m[31m[1m^
[22m[39m[31m[1m^
[22m[39m[31m[1m^[
22m[39m[31m[1m^[2
2m[39m[31m[1m^[22
m[39m[31m[1m^[22m
[39m[31m[1m^[22m
[39m[31m[1m^[22m[
39m[31m[1m^[22m[3
9m[31m[1m^[22m[39
m[31m[1m^[22m[39m
[31m[1m^[22m[39m
[31m[1m^[22m[39m[
31m[1m^[22m[39m[3
1m[1m^[22m[39m[31
m[1m^[22m[39m[31m
[1m^[22m[39m[31m
[1m^[22m[39m[31m[
1m^[22m[39m[31m[1
m^[22m[39m[31m[1m
^[22m[39m[31m[1m^
[22m[39m[31m[1m^
[22m[39m[31m[1m^[
22m[39m[31m[1m^[2
2m[39m[31m[1m^[22
m[39m[31m[1m^[22m
[39m[31m[1m^[22m
[39m[31m[1m^[22m[
39m[31m[1m^[22m[3
9m
 [90m 37 |[39m 
[36mimport[39m { [
33mCard[39m[33m,[3
9m [33mCardContent[
39m[33m,[39m [33mC
ardHeader[39m[33m,
[39m 
[33mCardTitle[39m 
} [36mfrom[39m [32
m'@/components/ui/car
d'[39m[33m;[39m
 [90m 38 |[39m 
[36mimport[39m { [
33mPopover[39m[33m,
[39m [33mPopoverCon
tent[39m[33m,[39m 
[33mPopoverTrigger[
39m } [36mfrom[39m 
[32m'@/components/ui
/popover'[39m[33m;
[39m
 [90m 39 |[39m 
[36mimport[39m { 
[33mCalendar[39m } 
[36mfrom[39m [32m'
../ui/calendar'[39m
[33m;[39m[0m



Import traces:
  Client Component 
Browser:
    ./src/components/
metrics/metrics-manag
ement.tsx [Client 
Component Browser]
    
./src/app/page.tsx 
[Client Component 
Browser]
    
./src/app/page.tsx 
[Server Component]

  Client Component 
SSR:
    ./src/components/
metrics/metrics-manag
ement.tsx [Client 
Component SSR]
    
./src/app/page.tsx 
[Client Component 
SSR]
    
./src/app/page.tsx 
[Server Component]

https://nextjs.org/do
cs/messages/module-no
t-found


    at <unknown> (./s
rc/components/kpi/kpi
-management.tsx:35:1)
    at <unknown> (htt
ps://nextjs.org/docs/
messages/module-not-f
ound)
    at <unknown> (./s
rc/components/metrics
/metrics-management.t
sx:36:1)
    at <unknown> (htt
ps://nextjs.org/docs/
messages/module-not-f
ound)
